============================= test session starts =============================
platform win32 -- Python 3.14.0, pytest-9.0.2, pluggy-1.6.0 -- C:\Program Files\Python314\python.exe
cachedir: .pytest_cache
metadata: {'Python': '3.14.0', 'Platform': 'Windows-11-10.0.26100-SP0', 'Packages': {'pytest': '9.0.2', 'pluggy': '1.6.0'}, 'Plugins': {'anyio': '4.12.1', 'base-url': '2.1.0', 'html': '4.2.0', 'json-report': '1.5.0', 'metadata': '3.1.1', 'playwright': '0.7.2'}, 'Base URL': ''}
rootdir: C:\Users\yklein3\OneDrive - Intel Corporation\PycharmProjects\cursor\finance-tracker
configfile: pytest.ini
plugins: anyio-4.12.1, base-url-2.1.0, html-4.2.0, json-report-1.5.0, metadata-3.1.1, playwright-0.7.2
collecting ... collected 89 items

tests/test_api_smoke.py::TestAuthSmoke::test_login_page_serves_html PASSED [  1%]
tests/test_api_smoke.py::TestAuthSmoke::test_root_redirects_to_login_when_unauthenticated PASSED [  2%]
tests/test_api_smoke.py::TestAuthSmoke::test_register_new_user PASSED    [  3%]
tests/test_api_smoke.py::TestAuthSmoke::test_register_duplicate_email_rejected PASSED [  4%]
tests/test_api_smoke.py::TestAuthSmoke::test_register_short_password_rejected PASSED [  5%]
tests/test_api_smoke.py::TestAuthSmoke::test_login_success PASSED        [  6%]
tests/test_api_smoke.py::TestAuthSmoke::test_login_wrong_password PASSED [  7%]
tests/test_api_smoke.py::TestAuthSmoke::test_me_authenticated PASSED     [  8%]
tests/test_api_smoke.py::TestAuthSmoke::test_me_unauthenticated PASSED   [ 10%]
tests/test_api_smoke.py::TestAuthSmoke::test_logout PASSED               [ 11%]
tests/test_api_smoke.py::TestAuthSmoke::test_forgot_password_ok_for_any_email PASSED [ 12%]
tests/test_api_smoke.py::TestAuthSmoke::test_reset_password_bad_code PASSED [ 13%]
tests/test_api_smoke.py::TestAllEndpointsSmoke::test_dashboard PASSED    [ 14%]
tests/test_api_smoke.py::TestAllEndpointsSmoke::test_list_categories PASSED [ 15%]
tests/test_api_smoke.py::TestAllEndpointsSmoke::test_create_category PASSED [ 16%]
tests/test_api_smoke.py::TestAllEndpointsSmoke::test_delete_category PASSED [ 17%]
tests/test_api_smoke.py::TestAllEndpointsSmoke::test_list_transactions PASSED [ 19%]
tests/test_api_smoke.py::TestAllEndpointsSmoke::test_create_transaction PASSED [ 20%]
tests/test_api_smoke.py::TestAllEndpointsSmoke::test_update_transaction PASSED [ 21%]
tests/test_api_smoke.py::TestAllEndpointsSmoke::test_delete_transaction PASSED [ 22%]
tests/test_api_smoke.py::TestAllEndpointsSmoke::test_list_budgets PASSED [ 23%]
tests/test_api_smoke.py::TestAllEndpointsSmoke::test_create_budget PASSED [ 24%]
tests/test_api_smoke.py::TestAllEndpointsSmoke::test_delete_budget PASSED [ 25%]
tests/test_api_smoke.py::TestAllEndpointsSmoke::test_list_alerts PASSED  [ 26%]
tests/test_api_smoke.py::TestAllEndpointsSmoke::test_triggered_alerts PASSED [ 28%]
tests/test_api_smoke.py::TestAllEndpointsSmoke::test_create_and_delete_alert PASSED [ 29%]
tests/test_api_smoke.py::TestAllEndpointsSmoke::test_dismiss_alert PASSED [ 30%]
tests/test_api_smoke.py::TestAllEndpointsSmoke::test_portfolio_summary PASSED [ 31%]
tests/test_api_smoke.py::TestAllEndpointsSmoke::test_portfolio_performance PASSED [ 32%]
tests/test_api_smoke.py::TestAllEndpointsSmoke::test_portfolio_holdings PASSED [ 33%]
tests/test_api_smoke.py::TestAllEndpointsSmoke::test_add_and_remove_holding PASSED [ 34%]
tests/test_api_smoke.py::TestAllEndpointsSmoke::test_get_profile PASSED  [ 35%]
tests/test_api_smoke.py::TestAllEndpointsSmoke::test_submit_profile PASSED [ 37%]
tests/test_api_smoke.py::TestAllEndpointsSmoke::test_profile_allocation PASSED [ 38%]
tests/test_api_smoke.py::TestAllEndpointsSmoke::test_screener PASSED     [ 39%]
tests/test_api_smoke.py::TestAllEndpointsSmoke::test_screener_sectors PASSED [ 40%]
tests/test_api_smoke.py::TestAllEndpointsSmoke::test_watchlist_crud PASSED [ 41%]
tests/test_api_smoke.py::TestAllEndpointsSmoke::test_market_ticker PASSED [ 42%]
tests/test_api_smoke.py::TestAllEndpointsSmoke::test_market_featured PASSED [ 43%]
tests/test_api_smoke.py::TestAllEndpointsSmoke::test_market_home PASSED  [ 44%]
tests/test_api_smoke.py::TestAllEndpointsSmoke::test_market_cache_status PASSED [ 46%]
tests/test_api_smoke.py::TestAllEndpointsSmoke::test_stock_detail PASSED [ 47%]
tests/test_api_smoke.py::TestAllEndpointsSmoke::test_stock_history PASSED [ 48%]
tests/test_api_smoke.py::TestAllEndpointsSmoke::test_stock_news PASSED   [ 49%]
tests/test_api_smoke.py::TestAllEndpointsSmoke::test_market_news PASSED  [ 50%]
tests/test_api_smoke.py::TestAllEndpointsSmoke::test_ticker_news PASSED  [ 51%]
tests/test_api_smoke.py::TestAllEndpointsSmoke::test_compare_stocks PASSED [ 52%]
tests/test_api_smoke.py::TestAllEndpointsSmoke::test_recommendations PASSED [ 53%]
tests/test_api_smoke.py::TestAllEndpointsSmoke::test_education PASSED    [ 55%]
tests/test_api_smoke.py::TestAllEndpointsSmoke::test_calendar_earnings PASSED [ 56%]
tests/test_api_smoke.py::TestAllEndpointsSmoke::test_calendar_economic PASSED [ 57%]
tests/test_api_smoke.py::TestAllEndpointsSmoke::test_il_funds_list PASSED [ 58%]
tests/test_api_smoke.py::TestAllEndpointsSmoke::test_il_funds_best PASSED [ 59%]
tests/test_api_smoke.py::TestAllEndpointsSmoke::test_il_funds_meta PASSED [ 60%]
tests/test_api_smoke.py::TestAllEndpointsSmoke::test_value_scanner PASSED [ 61%]
tests/test_api_smoke.py::TestAllEndpointsSmoke::test_value_scanner_action_plan PASSED [ 62%]
tests/test_api_smoke.py::TestAllEndpointsSmoke::test_value_scanner_sectors PASSED [ 64%]
tests/test_api_smoke.py::TestAllEndpointsSmoke::test_autopilot_profiles PASSED [ 65%]
tests/test_api_smoke.py::TestAllEndpointsSmoke::test_autopilot_simulate PASSED [ 66%]
